https://chem.libretexts.org/Bookshelves/Inorganic_Chemistry/IUCr Commission on Crystallographic Nomenclature
https://chem.libretexts.org/Bookshelves/Physical_and_Theoretical_Chemistry_Textbook_Maps/School of Molecular Sciences
https://chem.libretexts.org/Bookshelves/Inorganic_Chemistry/Online_Dictionary_of_Crystallography_(IUCr_Commission)/IUCr Commission on Crystallographic Nomenclature
https://chem.libretexts.org/Bookshelves/Inorganic_Chemistry/Online_Dictionary_of_Crystallography_(IUCr_Commission)/zz%3A_Back_Matter/IUCr Commission on Crystallographic Nomenclature
https://chem.libretexts.org/Bookshelves/Physical_and_Theoretical_Chemistry_Textbook_Maps/Mathematical_Methods_in_Chemistry_(Levitus)/School of Molecular Sciences
https://chem.libretexts.org/Bookshelves/Inorganic_Chemistry/Online_Dictionary_of_Crystallography_(IUCr_Commission)/10%3A_Biological_Crystallography/IUCr Commission on Crystallographic Nomenclature
https://chem.libretexts.org/Bookshelves/Inorganic_Chemistry/Online_Dictionary_of_Crystallography_(IUCr_Commission)/00%3A_Front_Matter/IUCr Commission on Crystallographic Nomenclature
https://chem.libretexts.org/Bookshelves/Inorganic_Chemistry/Online_Dictionary_of_Crystallography_(IUCr_Commission)/01%3A_Fundamental_Crystallography/IUCr Commission on Crystallographic Nomenclature
https://chem.libretexts.org/Bookshelves/Inorganic_Chemistry/Online_Dictionary_of_Crystallography_(IUCr_Commission)/02%3A_History_of_Crystallography/IUCr Commission on Crystallographic Nomenclature
https://chem.libretexts.org/Bookshelves/Inorganic_Chemistry/Online_Dictionary_of_Crystallography_(IUCr_Commission)/03%3A_X-rays/IUCr Commission on Crystallographic Nomenclature
https://chem.libretexts.org/Bookshelves/Inorganic_Chemistry/Online_Dictionary_of_Crystallography_(IUCr_Commission)/04%3A_Crystal_Chemistry/IUCr Commission on Crystallographic Nomenclature
https://chem.libretexts.org/Bookshelves/Inorganic_Chemistry/Online_Dictionary_of_Crystallography_(IUCr_Commission)/05%3A_Structure_Determination/IUCr Commission on Crystallographic Nomenclature
https://chem.libretexts.org/Bookshelves/Inorganic_Chemistry/Online_Dictionary_of_Crystallography_(IUCr_Commission)/06%3A_Physical_Properties_of_Crystals/IUCr Commission on Crystallographic Nomenclature
https://chem.libretexts.org/Bookshelves/Inorganic_Chemistry/Online_Dictionary_of_Crystallography_(IUCr_Commission)/07%3A_Morphological_Crystallography/IUCr Commission on Crystallographic Nomenclature
https://chem.libretexts.org/Bookshelves/Inorganic_Chemistry/Online_Dictionary_of_Crystallography_(IUCr_Commission)/08%3A_Powder_Diffraction/IUCr Commission on Crystallographic Nomenclature
https://chem.libretexts.org/Bookshelves/Inorganic_Chemistry/Online_Dictionary_of_Crystallography_(IUCr_Commission)/09%3A_Twinning/IUCr Commission on Crystallographic Nomenclature
https://chem.libretexts.org/Bookshelves/Physical_and_Theoretical_Chemistry_Textbook_Maps/Physical_Chemistry_(LibreTexts)/32%3A_Math_Chapters/School of Molecular Sciences
https://chem.libretexts.org/Bookshelves/Physical_and_Theoretical_Chemistry_Textbook_Maps/Chemical_Thermodynamics_(Supplement_to_Shepherd_et_al.)/09%3A_Fundamental_7_-_Variable_Changes/School of Molecular Sciences
https://chem.libretexts.org/Bookshelves/Physical_and_Theoretical_Chemistry_Textbook_Maps/Mathematical_Methods_in_Chemistry_(Levitus)/01%3A_Before_We_Begin.../School of Molecular Sciences
https://chem.libretexts.org/Bookshelves/Physical_and_Theoretical_Chemistry_Textbook_Maps/Mathematical_Methods_in_Chemistry_(Levitus)/02%3A_Complex_Numbers/School of Molecular Sciences
https://chem.libretexts.org/Bookshelves/Physical_and_Theoretical_Chemistry_Textbook_Maps/Mathematical_Methods_in_Chemistry_(Levitus)/03%3A_Series/School of Molecular Sciences
https://chem.libretexts.org/Bookshelves/Physical_and_Theoretical_Chemistry_Textbook_Maps/Mathematical_Methods_in_Chemistry_(Levitus)/04%3A_First_Order_Ordinary_Differential_Equations/School of Molecular Sciences
https://chem.libretexts.org/Bookshelves/Physical_and_Theoretical_Chemistry_Textbook_Maps/Mathematical_Methods_in_Chemistry_(Levitus)/05%3A_Second_Order_Ordinary_Differential_Equations/School of Molecular Sciences
https://chem.libretexts.org/Bookshelves/Physical_and_Theoretical_Chemistry_Textbook_Maps/Mathematical_Methods_in_Chemistry_(Levitus)/06%3A_Power_Series_Solutions_of_Differential_Equations/School of Molecular Sciences
https://chem.libretexts.org/Bookshelves/Physical_and_Theoretical_Chemistry_Textbook_Maps/Mathematical_Methods_in_Chemistry_(Levitus)/07%3A_Fourier_Series/School of Molecular Sciences
https://chem.libretexts.org/Bookshelves/Physical_and_Theoretical_Chemistry_Textbook_Maps/Mathematical_Methods_in_Chemistry_(Levitus)/08%3A_Calculus_in_More_than_One_Variable/School of Molecular Sciences
https://chem.libretexts.org/Bookshelves/Physical_and_Theoretical_Chemistry_Textbook_Maps/Mathematical_Methods_in_Chemistry_(Levitus)/09%3A_Exact_and_Inexact_Differentials/School of Molecular Sciences
https://chem.libretexts.org/Bookshelves/Physical_and_Theoretical_Chemistry_Textbook_Maps/Mathematical_Methods_in_Chemistry_(Levitus)/10%3A_Plane_Polar_and_Spherical_Coordinates/School of Molecular Sciences
https://chem.libretexts.org/Bookshelves/Physical_and_Theoretical_Chemistry_Textbook_Maps/Mathematical_Methods_in_Chemistry_(Levitus)/11%3A_Operators/School of Molecular Sciences
https://chem.libretexts.org/Bookshelves/Physical_and_Theoretical_Chemistry_Textbook_Maps/Mathematical_Methods_in_Chemistry_(Levitus)/12%3A_Partial_Differential_Equations/School of Molecular Sciences
https://chem.libretexts.org/Bookshelves/Physical_and_Theoretical_Chemistry_Textbook_Maps/Mathematical_Methods_in_Chemistry_(Levitus)/13%3A_Determinants/School of Molecular Sciences
https://chem.libretexts.org/Bookshelves/Physical_and_Theoretical_Chemistry_Textbook_Maps/Mathematical_Methods_in_Chemistry_(Levitus)/14%3A_Vectors/School of Molecular Sciences
https://chem.libretexts.org/Bookshelves/Physical_and_Theoretical_Chemistry_Textbook_Maps/Mathematical_Methods_in_Chemistry_(Levitus)/15%3A_Matrices/School of Molecular Sciences
https://chem.libretexts.org/Bookshelves/Physical_and_Theoretical_Chemistry_Textbook_Maps/Mathematical_Methods_in_Chemistry_(Levitus)/16%3A_Formula_Sheets/School of Molecular Sciences
https://chem.libretexts.org/Bookshelves/Organic_Chemistry/Map%3A_Organic_Chemistry_(Bruice)/13%3A_Mass_Spectrometry_Infrared_Spectroscopy_and_Ultraviolet_Visible_Spectroscopy/13.21%3A_Some_Uses_of_UV
https://chem.libretexts.org/Bookshelves/Organic_Chemistry/Map%3A_Organic_Chemistry_(Bruice)/13%3A_Mass_Spectrometry_Infrared_Spectroscopy_and_Ultraviolet_Visible_Spectroscopy/13.21%3A_Some_Uses_of_UV/13.21.01%3A_Some_Uses_of_UV
https://chem.libretexts.org/Bookshelves/Physical_and_Theoretical_Chemistry_Textbook_Maps/Supplemental_Modules_(Physical_and_Theoretical_Chemistry)/Kinetics/03%3A_Rate_Laws/3.02%3A_Reaction_Mechanisms
https://chem.libretexts.org/Bookshelves/Physical_and_Theoretical_Chemistry_Textbook_Maps/Supplemental_Modules_(Physical_and_Theoretical_Chemistry)/Kinetics/02%3A_Reaction_Rates/2.05%3A_Reaction_Rate
https://chem.libretexts.org/Bookshelves/Inorganic_Chemistry/Inorganic_Chemistry_(LibreTexts)/08%3A_Chemistry_of_the_Main_Group_Elements/8.01%3A_General_Trends_in_Main_Group_Chemistry/8.1.04%3A_As_may_be_seen_from_considering_element's_redox_diagrams_main_group_elements_(aside_from_the_noble_gases)_generally_are_more_oxidizing_towards_the_upper_left_of_the_periodic_table_and_more_reducing_towards_the_lower_right_of_the_periodic_table/8.1.4.01%3A_Latimer_Diagrams_summarize_elements'_redox_properties_on_a_single_line
https://chem.libretexts.org/Bookshelves/Inorganic_Chemistry/Inorganic_Chemistry_(LibreTexts)/08%3A_Chemistry_of_the_Main_Group_Elements/8.01%3A_General_Trends_in_Main_Group_Chemistry/8.1.04%3A_As_may_be_seen_from_considering_element's_redox_diagrams_main_group_elements_(aside_from_the_noble_gases)_generally_are_more_oxidizing_towards_the_upper_left_of_the_periodic_table_and_more_reducing_towards_the_lower_right_of_the_periodic_table/8.1.4.02%3A_Frost_Diagrams_show_how_stable_element's_redox_states_are_relative_to_the_free_element
https://chem.libretexts.org/Bookshelves/Inorganic_Chemistry/Inorganic_Chemistry_(LibreTexts)/08%3A_Chemistry_of_the_Main_Group_Elements/8.01%3A_General_Trends_in_Main_Group_Chemistry/8.1.04%3A_As_may_be_seen_from_considering_element's_redox_diagrams_main_group_elements_(aside_from_the_noble_gases)_generally_are_more_oxidizing_towards_the_upper_left_of_the_periodic_table_and_more_reducing_towards_the_lower_right_of_the_periodic_table/8.1.4.03%3A_Pourbaix_Diagrams_are_Redox_Phase_Diagrams_that_Summarize_the_most_stable_form_of_an_element_at_a_given_pH_and_solution_potential
https://chem.libretexts.org/Bookshelves/Physical_and_Theoretical_Chemistry_Textbook_Maps/Supplemental_Modules_(Physical_and_Theoretical_Chemistry)/Quantum_Mechanics/02._Fundamental_Concepts_of_Quantum_Mechanics
https://chem.libretexts.org/Bookshelves/Physical_and_Theoretical_Chemistry_Textbook_Maps/Supplemental_Modules_(Physical_and_Theoretical_Chemistry)/Quantum_Mechanics/06._One_Dimensional_Harmonic_Oscillator
https://chem.libretexts.org/Bookshelves/Physical_and_Theoretical_Chemistry_Textbook_Maps/Supplemental_Modules_(Physical_and_Theoretical_Chemistry)/Quantum_Mechanics/09._The_Hydrogen_Atom
https://chem.libretexts.org/Bookshelves/General_Chemistry/Exercises%3A_General_Chemistry/Exercises%3A_Averill_et_al.
https://chem.libretexts.org/Bookshelves/Physical_and_Theoretical_Chemistry_Textbook_Maps/Supplemental_Modules_(Physical_and_Theoretical_Chemistry)/Kinetics/06%3A_Modeling_Reaction_Kinetics/6.02%3A_Temperature_Dependence_of_Reaction_Rates
https://chem.libretexts.org/Bookshelves/Physical_and_Theoretical_Chemistry_Textbook_Maps/Supplemental_Modules_(Physical_and_Theoretical_Chemistry)/Kinetics/06%3A_Modeling_Reaction_Kinetics/6.02%3A_Temperature_Dependence_of_Reaction_Rates/6.2.03%3A_The_Arrhenius_Law
https://chem.libretexts.org/Bookshelves/Organic_Chemistry/Supplemental_Modules_(Organic_Chemistry)/Reactions/Reactivity/RR._Radical_Reactions
https://chem.libretexts.org/Bookshelves/Analytical_Chemistry/Supplemental_Modules_(Analytical_Chemistry)/Instrumentation_and_Analysis/Chromatography/V._Chromatography
https://chem.libretexts.org/Bookshelves/Physical_and_Theoretical_Chemistry_Textbook_Maps/Supplemental_Modules_(Physical_and_Theoretical_Chemistry)/Kinetics/03%3A_Rate_Laws/3.03%3A_The_Rate_Law
https://chem.libretexts.org/Bookshelves/Physical_and_Theoretical_Chemistry_Textbook_Maps/Supplemental_Modules_(Physical_and_Theoretical_Chemistry)/Kinetics/03%3A_Rate_Laws/3.01%3A_Gas_Phase_Kinetics
https://chem.libretexts.org/Bookshelves/Physical_and_Theoretical_Chemistry_Textbook_Maps/Supplemental_Modules_(Physical_and_Theoretical_Chemistry)/Kinetics/03%3A_Rate_Laws/3.01%3A_Gas_Phase_Kinetics/3.1.01%3A_Bimolecular_Reactions
https://chem.libretexts.org/Bookshelves/Physical_and_Theoretical_Chemistry_Textbook_Maps/Supplemental_Modules_(Physical_and_Theoretical_Chemistry)/Kinetics/02%3A_Reaction_Rates/2.01%3A_Experimental_Determination_of_Kinetics
https://chem.libretexts.org/Bookshelves/Inorganic_Chemistry/Map%3A_Inorganic_Chemistry_(Housecroft)/04%3A_Experimental_Techniques/4.14%3A_Magnetism
https://chem.libretexts.org/Bookshelves/Inorganic_Chemistry/Map%3A_Inorganic_Chemistry_(Housecroft)/07%3A_Acids_bases_and_ions_in_aqueous_solution/7.13%3A_Factors_Affecting_the_Stabilities_of_Complexes_Containing_Only_Monodentate_Ligands
https://chem.libretexts.org/Bookshelves/Inorganic_Chemistry/Map%3A_Inorganic_Chemistry_(Housecroft)/19%3A_d-Block_Metal_Chemistry_-_General_Considerations/19.08%3A_Isomerism_in_d-block_Metal_Complexes
https://chem.libretexts.org/Bookshelves/Physical_and_Theoretical_Chemistry_Textbook_Maps/Quantum_Mechanics__in_Chemistry_(Simons_and_Nichols)/22%3A_Problems/22.06%3A_More_Quantitative_Aspects_of_Electronic_Structure_Calculations
https://chem.libretexts.org/Bookshelves/General_Chemistry/Chemistry_-_Atoms_First_2e_(OpenStax)/22%3A_Appendices/22.14%3A_Answer_Key
https://chem.libretexts.org/Bookshelves/Physical_and_Theoretical_Chemistry_Textbook_Maps/Supplemental_Modules_(Physical_and_Theoretical_Chemistry)/Kinetics/06%3A_Modeling_Reaction_Kinetics/6.04%3A_Transition_State_Theory
https://chem.libretexts.org/Bookshelves/Inorganic_Chemistry/Map%3A_Inorganic_Chemistry_(Housecroft)/19%3A_d-Block_Metal_Chemistry_-_General_Considerations/19.05%3A_Characteristic_Properties_-_A_General_Perspective
https://chem.libretexts.org/Bookshelves/Inorganic_Chemistry/Map%3A_Inorganic_Chemistry_(Housecroft)/20%3A_d-Block_Metal_Chemistry_-_Coordination_Complexes/20.09%3A_Evidence_for_Metal-Ligand_Covalent_Bonding
https://chem.libretexts.org/Bookshelves/Inorganic_Chemistry/Map%3A_Inorganic_Chemistry_(Housecroft)/03%3A_Introduction_to_Molecular_Symmetry/3.07%3A_Vibrational_Spectroscopy
https://chem.libretexts.org/Bookshelves/Organic_Chemistry/Supplemental_Modules_(Organic_Chemistry)/Reactions/Reactivity/Part_V%3A__Reactivity_in_Organic_Biological_and_Inorganic_Chemistry_3/PC._Photochemistry
